ChkTeX v1.7.8 - Copyright 1995-96 Jens T. Berger Thielemann.
Compiled with PCRE regex support.
No errors printed; No warnings printed; 173 user suppressed warnings; No line suppressed warnings.
PNG copy: ./Figures/irrigation_digital_twin_architecture.png
Image written (PNG, 0 ms): ./Figures/irrigation_digital_twin_architecture.png
Latexmk: Missing bbl file 'output.bbl' in following:
 No file output.bbl.
Latexmk: Using bibtex to make bibliography file(s).
PNG copy: ./Figures/irrigation_digital_twin_architecture.png
Image written (PNG, 0 ms): ./Figures/irrigation_digital_twin_architecture.png
Latexmk: Using bibtex to make bibliography file(s).
PNG copy: ./Figures/irrigation_digital_twin_architecture.png
Image written (PNG, 0 ms): ./Figures/irrigation_digital_twin_architecture.png
Latexmk: Using bibtex to make bibliography file(s).
	Command being timed: "latexmk -cd -jobname=output -auxdir=/compile -outdir=/compile -synctex=1 -interaction=batchmode -time -f -pdf /compile/main.tex"
	User time (seconds): 2.49
	System time (seconds): 0.29
	Percent of CPU this job got: 80%
	Elapsed (wall clock) time (h:mm:ss or m:ss): 0:03.48
	Average shared text size (kbytes): 0
	Average unshared data size (kbytes): 0
	Average stack size (kbytes): 0
	Average total size (kbytes): 0
	Maximum resident set size (kbytes): 59136
	Average resident set size (kbytes): 0
	Major (requiring I/O) page faults: 1
	Minor (reclaiming a frame) page faults: 84591
	Voluntary context switches: 156
	Involuntary context switches: 215
	Swaps: 0
	File system inputs: 936
	File system outputs: 4912
	Socket messages sent: 0
	Socket messages received: 0
	Signals delivered: 0
	Page size (bytes): 4096
	Exit status: 0
