chktex exit: 0
Rc files read (in order):
  /usr/local/share/latexmk/LatexMk
Latexmk: This is Latexmk, John Collins, 9 March 2026. Version 4.88.
Latexmk: Changing directory to '/compile/'
Force *latex to be remade.
------------
Running 'internal overleaf_pre_process "main.tex" "output.pdf"'
------------
Latexmk: calling overleaf_pre_process( "main.tex" "output.pdf" )
Latexmk: applying rule 'pdflatex'...
Rule 'pdflatex':  Reasons for rerun
Category 'other':
  Rerun of 'pdflatex' forced or previously required:
    Reason or flag: 'go_mode=3'

------------
Run number 1 of rule 'pdflatex'
------------
------------
Running 'pdflatex  -synctex=1 -interaction=batchmode -recorder --jobname="output"  "main.tex"'
------------
This is pdfTeX, Version 3.141592653-2.6-1.40.29 (TeX Live 2026) (preloaded format=pdflatex)
 \write18 enabled.
entering extended mode
Latexmk: Getting log file 'output.log'
Latexmk: Examining 'output.fls'
Latexmk: Examining 'output.log'
Latexmk: Found input bbl file 'output.bbl'
Latexmk: Log file says output to 'output.pdf'
  ===Source file 'output.bbl' for 'pdflatex'
Latexmk: Found bibliography file(s):
  ./references.bib
Latexmk: All targets (output.pdf) are up-to-date
------------
Running 'internal overleaf_post_process "main.tex" "output.pdf"'
------------
Latexmk: calling overleaf_post_process( "main.tex" "output.pdf" )
qpdf exit code=0
Renaming optimised file to output.pdf
Extracting xref table for output.pdf
qpdf --show-xref exit code=0
Latexmk: Undoing directory change
'pdflatex': time = 0.62
Processing time = 0.88, of which invoked processes = 0.62, other = 0.26.
Elapsed clock time = 1.02.
Number of rules run = 1

